// Jest Snapshot v1, https://goo.gl/fbAQLP

exports[`Form should match the snapshot 1`] = `
<div
  id="form__div--container"
>
  <form>
    <input
      className="form__element form__input"
      name="name"
      onChange={[Function]}
      placeholder="Enter Name"
      type="text"
      value=""
    />
    <input
      className="form__element from__input"
      name="quote"
      onChange={[Function]}
      placeholder="Enter Favorite Star Wars Quote"
      type="text"
      value=""
    />
    <select
      className="form__element"
      name="rank"
      onChange={[Function]}
      value=""
    >
      <option
        defaultValue="rank"
      >
        Rank
      </option>
      <option
        name="rank"
        value="beginner"
      >
        Beginner
      </option>
      <option
        name="rank"
        value="intermediate"
      >
        Intermediate
      </option>
      <option
        name="rank"
        value="expert"
      >
        Expert
      </option>
    </select>
    <button
      className="form__element form__button"
      disabled={true}
      onClick={[Function]}
    >
      Submit
    </button>
  </form>
</div>
`;
