// Jest Snapshot v1, https://goo.gl/fbAQLP

exports[`MovieContainer should match the snapshot 1`] = `
<section
  className="section__movie--container"
>
  <h1
    className="movies-title"
  >
    Movies
  </h1>
  <MovieCard
    episode_id={1}
    id={1}
    key="1"
    release_date="2050/01/01"
    title="First Star Wars"
  />
  <MovieCard
    episode_id={4}
    id={4}
    key="4"
    release_date="1999/04/20"
    title="Great Movie"
  />
</section>
`;
